<!DOCTYPE html>
<html lang="en">
  <head>
    <meta charset="UTF-8" />
    <meta name="viewport" content="width=device-width, initial-scale=1.0" />
    <link rel="icon" href="/Дз На 1.11/Golden/fotos/Logo.svg" image/svg>
    <title>Golden</title>
  </head>
  <body>
    <header>
      <a href="#">
       <img src="/Дз На 1.11/Golden/fotos/Logo.svg" alt="#">

        <nav>
          <ul>
            <li><a href="/Дз На 1.11/MoGo/mogo.html" target="_blank" style="color: aqua;">MoGo</a></li>
            <li><a href="/Дз На 1.11/WebStudio/webst.html" target="_blank" style="color: gray">WebStudio</a></li>
            <li><a href="#">Home</a></li>
            <li><a href="#">Services</a></li>
            <li><a href="#">Portfolio</a></li>
            <li><a href="#">About</a></li>
            <li><a href="#">Contact</a></li>
            <li><a href="#">Foto</a></li>
          </ul>
        </nav>
      </a>
    </header>
    <hr />
    <main>
      <h2>Services</h2>
      <section>
        <figure>
          <img src="/Дз На 1.11/Golden/fotos/1.png" alt="#">
          <figcaption>Lorem ipsum, dolor sit amet consectetur <br>adipisicing elit. Asperiores, veritatis!</figcaption>
        </figure>
        <br>
        <figure>
          <img src="/Дз На 1.11/Golden/fotos/2.png" alt="#">
          <figcaption>Lorem ipsum dolor, sit amet consectetur  <br>adipisicing Consequatur, perferendis!</figcaption>
        </figure>
        <br>
        <figure>
          <img src="/Дз На 1.11/Golden/fotos/3.png" alt="#">
          <figcaption>Lorem ipsum dolor sit amet consectetur <br> adipisicing elit. Laboriosam, ullam!</figcaption>
        </figure>
      </section>
    </main>
    <footer>
      <h3>Contact Us</h3>
      <form>
        <label for="name">YOUR NAME</label>
        <br />
        <input type="text" id="name" name="your name" required />
        <hr />
        <label for="email">YOU E-MAIL</label>
        <br />
        <input type="text" id="email" name="email" required  />
        <hr />
        <label for="name">SUBJECT</label>
        <br />
        <input type="text" id="subject" name="subject"required />
        <hr />
        <label for="comments">YOUR MESSAGE</label>
        <br />
        <textarea id="comments" name="comments" rows="4" cols="50" required ></textarea>
        <br /><br />
        <input type="submit" value="Підтвердити" />
      </form>
    </footer>
  </body>
</html>
